Global frequency set at 1000000000000 ticks per second
src/base/statistics.hh:279: warn: One of the stats is a legacy stat. Legacy stat is a stat that does not belong to any statistics::Group. Legacy stat is deprecated.
src/base/statistics.hh:279: warn: One of the stats is a legacy stat. Legacy stat is a stat that does not belong to any statistics::Group. Legacy stat is deprecated.
Forcing maxCoalescedReqs to 32 (TLB assoc.) 
Forcing maxCoalescedReqs to 32 (TLB assoc.) 
Forcing maxCoalescedReqs to 32 (TLB assoc.) 
Forcing maxCoalescedReqs to 32 (TLB assoc.) 
Forcing maxCoalescedReqs to 32 (TLB assoc.) 
Forcing maxCoalescedReqs to 32 (TLB assoc.) 
Forcing maxCoalescedReqs to 32 (TLB assoc.) 
Forcing maxCoalescedReqs to 32 (TLB assoc.) 
Forcing maxCoalescedReqs to 32 (TLB assoc.) 
Forcing maxCoalescedReqs to 32 (TLB assoc.) 
Forcing maxCoalescedReqs to 32 (TLB assoc.) 
Forcing maxCoalescedReqs to 32 (TLB assoc.) 
Forcing maxCoalescedReqs to 32 (TLB assoc.) 
Forcing maxCoalescedReqs to 32 (TLB assoc.) 
Forcing maxCoalescedReqs to 32 (TLB assoc.) 
Forcing maxCoalescedReqs to 32 (TLB assoc.) 
Forcing maxCoalescedReqs to 32 (TLB assoc.) 
Forcing maxCoalescedReqs to 32 (TLB assoc.) 
Forcing maxCoalescedReqs to 32 (TLB assoc.) 
Forcing maxCoalescedReqs to 32 (TLB assoc.) 
Forcing maxCoalescedReqs to 32 (TLB assoc.) 
Forcing maxCoalescedReqs to 32 (TLB assoc.) 
Forcing maxCoalescedReqs to 32 (TLB assoc.) 
Forcing maxCoalescedReqs to 32 (TLB assoc.) 
Forcing maxCoalescedReqs to 32 (TLB assoc.) 
Forcing maxCoalescedReqs to 32 (TLB assoc.) 
Forcing maxCoalescedReqs to 32 (TLB assoc.) 
Forcing maxCoalescedReqs to 32 (TLB assoc.) 
Forcing maxCoalescedReqs to 32 (TLB assoc.) 
Forcing maxCoalescedReqs to 32 (TLB assoc.) 
Forcing maxCoalescedReqs to 32 (TLB assoc.) 
Forcing maxCoalescedReqs to 32 (TLB assoc.) 
Forcing maxCoalescedReqs to 32 (TLB assoc.) 
Forcing maxCoalescedReqs to 32 (TLB assoc.) 
Forcing maxCoalescedReqs to 32 (TLB assoc.) 
Forcing maxCoalescedReqs to 32 (TLB assoc.) 
Forcing maxCoalescedReqs to 32 (TLB assoc.) 
Forcing maxCoalescedReqs to 32 (TLB assoc.) 
Forcing maxCoalescedReqs to 32 (TLB assoc.) 
Forcing maxCoalescedReqs to 32 (TLB assoc.) 
Forcing maxCoalescedReqs to 32 (TLB assoc.) 
Forcing maxCoalescedReqs to 32 (TLB assoc.) 
Forcing maxCoalescedReqs to 32 (TLB assoc.) 
Forcing maxCoalescedReqs to 32 (TLB assoc.) 
Forcing maxCoalescedReqs to 32 (TLB assoc.) 
Forcing maxCoalescedReqs to 32 (TLB assoc.) 
Forcing maxCoalescedReqs to 32 (TLB assoc.) 
Forcing maxCoalescedReqs to 32 (TLB assoc.) 
Forcing maxCoalescedReqs to 32 (TLB assoc.) 
Forcing maxCoalescedReqs to 32 (TLB assoc.) 
Forcing maxCoalescedReqs to 32 (TLB assoc.) 
Forcing maxCoalescedReqs to 32 (TLB assoc.) 
Forcing maxCoalescedReqs to 32 (TLB assoc.) 
Forcing maxCoalescedReqs to 32 (TLB assoc.) 
Forcing maxCoalescedReqs to 32 (TLB assoc.) 
Forcing maxCoalescedReqs to 32 (TLB assoc.) 
Forcing maxCoalescedReqs to 32 (TLB assoc.) 
Forcing maxCoalescedReqs to 32 (TLB assoc.) 
Forcing maxCoalescedReqs to 32 (TLB assoc.) 
Forcing maxCoalescedReqs to 32 (TLB assoc.) 
Forcing maxCoalescedReqs to 32 (TLB assoc.) 
Forcing maxCoalescedReqs to 32 (TLB assoc.) 
Forcing maxCoalescedReqs to 32 (TLB assoc.) 
Forcing maxCoalescedReqs to 32 (TLB assoc.) 
Forcing maxCoalescedReqs to 32 (TLB assoc.) 
Forcing maxCoalescedReqs to 32 (TLB assoc.) 
Forcing maxCoalescedReqs to 32 (TLB assoc.) 
Forcing maxCoalescedReqs to 32 (TLB assoc.) 
Forcing maxCoalescedReqs to 32 (TLB assoc.) 
Forcing maxCoalescedReqs to 32 (TLB assoc.) 
Forcing maxCoalescedReqs to 32 (TLB assoc.) 
Forcing maxCoalescedReqs to 32 (TLB assoc.) 
Forcing maxCoalescedReqs to 32 (TLB assoc.) 
Forcing maxCoalescedReqs to 32 (TLB assoc.) 
Forcing maxCoalescedReqs to 32 (TLB assoc.) 
Forcing maxCoalescedReqs to 32 (TLB assoc.) 
Forcing maxCoalescedReqs to 32 (TLB assoc.) 
Forcing maxCoalescedReqs to 32 (TLB assoc.) 
Forcing maxCoalescedReqs to 32 (TLB assoc.) 
Forcing maxCoalescedReqs to 32 (TLB assoc.) 
Forcing maxCoalescedReqs to 32 (TLB assoc.) 
Forcing maxCoalescedReqs to 32 (TLB assoc.) 
Forcing maxCoalescedReqs to 32 (TLB assoc.) 
Forcing maxCoalescedReqs to 32 (TLB assoc.) 
Forcing maxCoalescedReqs to 32 (TLB assoc.) 
Forcing maxCoalescedReqs to 32 (TLB assoc.) 
Forcing maxCoalescedReqs to 32 (TLB assoc.) 
Forcing maxCoalescedReqs to 32 (TLB assoc.) 
Forcing maxCoalescedReqs to 32 (TLB assoc.) 
Forcing maxCoalescedReqs to 32 (TLB assoc.) 
Forcing maxCoalescedReqs to 32 (TLB assoc.) 
Forcing maxCoalescedReqs to 32 (TLB assoc.) 
Forcing maxCoalescedReqs to 32 (TLB assoc.) 
Forcing maxCoalescedReqs to 32 (TLB assoc.) 
Forcing maxCoalescedReqs to 32 (TLB assoc.) 
Forcing maxCoalescedReqs to 32 (TLB assoc.) 
Forcing maxCoalescedReqs to 32 (TLB assoc.) 
Forcing maxCoalescedReqs to 32 (TLB assoc.) 
Forcing maxCoalescedReqs to 32 (TLB assoc.) 
Forcing maxCoalescedReqs to 32 (TLB assoc.) 
Forcing maxCoalescedReqs to 32 (TLB assoc.) 
Forcing maxCoalescedReqs to 32 (TLB assoc.) 
Forcing maxCoalescedReqs to 32 (TLB assoc.) 
Forcing maxCoalescedReqs to 32 (TLB assoc.) 
Forcing maxCoalescedReqs to 32 (TLB assoc.) 
Forcing maxCoalescedReqs to 32 (TLB assoc.) 
Forcing maxCoalescedReqs to 32 (TLB assoc.) 
Forcing maxCoalescedReqs to 32 (TLB assoc.) 
Forcing maxCoalescedReqs to 32 (TLB assoc.) 
Forcing maxCoalescedReqs to 32 (TLB assoc.) 
Forcing maxCoalescedReqs to 32 (TLB assoc.) 
Forcing maxCoalescedReqs to 32 (TLB assoc.) 
Forcing maxCoalescedReqs to 32 (TLB assoc.) 
Forcing maxCoalescedReqs to 32 (TLB assoc.) 
Forcing maxCoalescedReqs to 32 (TLB assoc.) 
Forcing maxCoalescedReqs to 32 (TLB assoc.) 
Forcing maxCoalescedReqs to 32 (TLB assoc.) 
Forcing maxCoalescedReqs to 32 (TLB assoc.) 
Forcing maxCoalescedReqs to 32 (TLB assoc.) 
Forcing maxCoalescedReqs to 32 (TLB assoc.) 
Forcing maxCoalescedReqs to 32 (TLB assoc.) 
Forcing maxCoalescedReqs to 32 (TLB assoc.) 
Forcing maxCoalescedReqs to 32 (TLB assoc.) 
Forcing maxCoalescedReqs to 32 (TLB assoc.) 
Forcing maxCoalescedReqs to 32 (TLB assoc.) 
Forcing maxCoalescedReqs to 32 (TLB assoc.) 
Forcing maxCoalescedReqs to 32 (TLB assoc.) 
Forcing maxCoalescedReqs to 32 (TLB assoc.) 
Forcing maxCoalescedReqs to 32 (TLB assoc.) 
Forcing maxCoalescedReqs to 32 (TLB assoc.) 
Forcing maxCoalescedReqs to 32 (TLB assoc.) 
Forcing maxCoalescedReqs to 32 (TLB assoc.) 
Forcing maxCoalescedReqs to 32 (TLB assoc.) 
Forcing maxCoalescedReqs to 32 (TLB assoc.) 
Forcing maxCoalescedReqs to 32 (TLB assoc.) 
Forcing maxCoalescedReqs to 32 (TLB assoc.) 
Forcing maxCoalescedReqs to 32 (TLB assoc.) 
Forcing maxCoalescedReqs to 32 (TLB assoc.) 
Forcing maxCoalescedReqs to 32 (TLB assoc.) 
Forcing maxCoalescedReqs to 32 (TLB assoc.) 
Forcing maxCoalescedReqs to 32 (TLB assoc.) 
Forcing maxCoalescedReqs to 32 (TLB assoc.) 
Forcing maxCoalescedReqs to 32 (TLB assoc.) 
Forcing maxCoalescedReqs to 32 (TLB assoc.) 
Forcing maxCoalescedReqs to 32 (TLB assoc.) 
Forcing maxCoalescedReqs to 32 (TLB assoc.) 
Forcing maxCoalescedReqs to 32 (TLB assoc.) 
Forcing maxCoalescedReqs to 32 (TLB assoc.) 
Forcing maxCoalescedReqs to 32 (TLB assoc.) 
Forcing maxCoalescedReqs to 32 (TLB assoc.) 
Forcing maxCoalescedReqs to 32 (TLB assoc.) 
Forcing maxCoalescedReqs to 32 (TLB assoc.) 
Forcing maxCoalescedReqs to 32 (TLB assoc.) 
Forcing maxCoalescedReqs to 32 (TLB assoc.) 
Forcing maxCoalescedReqs to 32 (TLB assoc.) 
Forcing maxCoalescedReqs to 32 (TLB assoc.) 
Forcing maxCoalescedReqs to 32 (TLB assoc.) 
Forcing maxCoalescedReqs to 32 (TLB assoc.) 
Forcing maxCoalescedReqs to 32 (TLB assoc.) 
Forcing maxCoalescedReqs to 32 (TLB assoc.) 
Forcing maxCoalescedReqs to 32 (TLB assoc.) 
Forcing maxCoalescedReqs to 32 (TLB assoc.) 
Forcing maxCoalescedReqs to 32 (TLB assoc.) 
Forcing maxCoalescedReqs to 32 (TLB assoc.) 
Forcing maxCoalescedReqs to 32 (TLB assoc.) 
Forcing maxCoalescedReqs to 32 (TLB assoc.) 
Forcing maxCoalescedReqs to 32 (TLB assoc.) 
Forcing maxCoalescedReqs to 32 (TLB assoc.) 
Forcing maxCoalescedReqs to 32 (TLB assoc.) 
Forcing maxCoalescedReqs to 32 (TLB assoc.) 
Forcing maxCoalescedReqs to 32 (TLB assoc.) 
Forcing maxCoalescedReqs to 32 (TLB assoc.) 
Forcing maxCoalescedReqs to 32 (TLB assoc.) 
Forcing maxCoalescedReqs to 32 (TLB assoc.) 
Forcing maxCoalescedReqs to 32 (TLB assoc.) 
Forcing maxCoalescedReqs to 32 (TLB assoc.) 
Forcing maxCoalescedReqs to 32 (TLB assoc.) 
Forcing maxCoalescedReqs to 32 (TLB assoc.) 
Forcing maxCoalescedReqs to 32 (TLB assoc.) 
Forcing maxCoalescedReqs to 32 (TLB assoc.) 
Forcing maxCoalescedReqs to 32 (TLB assoc.) 
Forcing maxCoalescedReqs to 32 (TLB assoc.) 
Forcing maxCoalescedReqs to 32 (TLB assoc.) 
Forcing maxCoalescedReqs to 32 (TLB assoc.) 
Forcing maxCoalescedReqs to 32 (TLB assoc.) 
Forcing maxCoalescedReqs to 32 (TLB assoc.) 
Forcing maxCoalescedReqs to 32 (TLB assoc.) 
Forcing maxCoalescedReqs to 32 (TLB assoc.) 
Forcing maxCoalescedReqs to 32 (TLB assoc.) 
Forcing maxCoalescedReqs to 32 (TLB assoc.) 
Forcing maxCoalescedReqs to 32 (TLB assoc.) 
Forcing maxCoalescedReqs to 32 (TLB assoc.) 
Forcing maxCoalescedReqs to 32 (TLB assoc.) 
Forcing maxCoalescedReqs to 32 (TLB assoc.) 
Forcing maxCoalescedReqs to 32 (TLB assoc.) 
Forcing maxCoalescedReqs to 32 (TLB assoc.) 
Forcing maxCoalescedReqs to 32 (TLB assoc.) 
Forcing maxCoalescedReqs to 32 (TLB assoc.) 
Forcing maxCoalescedReqs to 32 (TLB assoc.) 
Forcing maxCoalescedReqs to 32 (TLB assoc.) 
Forcing maxCoalescedReqs to 32 (TLB assoc.) 
Forcing maxCoalescedReqs to 32 (TLB assoc.) 
Forcing maxCoalescedReqs to 32 (TLB assoc.) 
Forcing maxCoalescedReqs to 32 (TLB assoc.) 
Forcing maxCoalescedReqs to 32 (TLB assoc.) 
Forcing maxCoalescedReqs to 32 (TLB assoc.) 
Forcing maxCoalescedReqs to 32 (TLB assoc.) 
Forcing maxCoalescedReqs to 32 (TLB assoc.) 
Forcing maxCoalescedReqs to 32 (TLB assoc.) 
Forcing maxCoalescedReqs to 32 (TLB assoc.) 
Forcing maxCoalescedReqs to 32 (TLB assoc.) 
Forcing maxCoalescedReqs to 32 (TLB assoc.) 
Forcing maxCoalescedReqs to 32 (TLB assoc.) 
Forcing maxCoalescedReqs to 32 (TLB assoc.) 
Forcing maxCoalescedReqs to 32 (TLB assoc.) 
Forcing maxCoalescedReqs to 32 (TLB assoc.) 
Forcing maxCoalescedReqs to 32 (TLB assoc.) 
Forcing maxCoalescedReqs to 32 (TLB assoc.) 
Forcing maxCoalescedReqs to 32 (TLB assoc.) 
Forcing maxCoalescedReqs to 32 (TLB assoc.) 
Forcing maxCoalescedReqs to 32 (TLB assoc.) 
Forcing maxCoalescedReqs to 32 (TLB assoc.) 
Forcing maxCoalescedReqs to 32 (TLB assoc.) 
Forcing maxCoalescedReqs to 32 (TLB assoc.) 
Forcing maxCoalescedReqs to 32 (TLB assoc.) 
Forcing maxCoalescedReqs to 32 (TLB assoc.) 
Forcing maxCoalescedReqs to 32 (TLB assoc.) 
Forcing maxCoalescedReqs to 32 (TLB assoc.) 
Forcing maxCoalescedReqs to 32 (TLB assoc.) 
Forcing maxCoalescedReqs to 32 (TLB assoc.) 
Forcing maxCoalescedReqs to 32 (TLB assoc.) 
Forcing maxCoalescedReqs to 32 (TLB assoc.) 
Forcing maxCoalescedReqs to 32 (TLB assoc.) 
Forcing maxCoalescedReqs to 32 (TLB assoc.) 
Forcing maxCoalescedReqs to 32 (TLB assoc.) 
Forcing maxCoalescedReqs to 32 (TLB assoc.) 
Forcing maxCoalescedReqs to 32 (TLB assoc.) 
Forcing maxCoalescedReqs to 32 (TLB assoc.) 
Forcing maxCoalescedReqs to 32 (TLB assoc.) 
Forcing maxCoalescedReqs to 32 (TLB assoc.) 
Forcing maxCoalescedReqs to 32 (TLB assoc.) 
Forcing maxCoalescedReqs to 32 (TLB assoc.) 
src/base/statistics.hh:279: warn: One of the stats is a legacy stat. Legacy stat is a stat that does not belong to any statistics::Group. Legacy stat is deprecated.
Forcing maxCoalescedReqs to 32 (TLB assoc.) 
Forcing maxCoalescedReqs to 32 (TLB assoc.) 
Forcing maxCoalescedReqs to 32 (TLB assoc.) 
Forcing maxCoalescedReqs to 32 (TLB assoc.) 
Forcing maxCoalescedReqs to 32 (TLB assoc.) 
Forcing maxCoalescedReqs to 32 (TLB assoc.) 
Forcing maxCoalescedReqs to 32 (TLB assoc.) 
Forcing maxCoalescedReqs to 32 (TLB assoc.) 
Forcing maxCoalescedReqs to 32 (TLB assoc.) 
Forcing maxCoalescedReqs to 32 (TLB assoc.) 
Forcing maxCoalescedReqs to 32 (TLB assoc.) 
Forcing maxCoalescedReqs to 32 (TLB assoc.) 
Forcing maxCoalescedReqs to 32 (TLB assoc.) 
Forcing maxCoalescedReqs to 32 (TLB assoc.) 
Forcing maxCoalescedReqs to 32 (TLB assoc.) 
Forcing maxCoalescedReqs to 32 (TLB assoc.) 
Forcing maxCoalescedReqs to 32 (TLB assoc.) 
Forcing maxCoalescedReqs to 32 (TLB assoc.) 
Forcing maxCoalescedReqs to 32 (TLB assoc.) 
Forcing maxCoalescedReqs to 32 (TLB assoc.) 
Forcing maxCoalescedReqs to 32 (TLB assoc.) 
Forcing maxCoalescedReqs to 32 (TLB assoc.) 
Forcing maxCoalescedReqs to 32 (TLB assoc.) 
Forcing maxCoalescedReqs to 32 (TLB assoc.) 
Forcing maxCoalescedReqs to 32 (TLB assoc.) 
Forcing maxCoalescedReqs to 32 (TLB assoc.) 
Forcing maxCoalescedReqs to 32 (TLB assoc.) 
Forcing maxCoalescedReqs to 32 (TLB assoc.) 
Forcing maxCoalescedReqs to 32 (TLB assoc.) 
Forcing maxCoalescedReqs to 32 (TLB assoc.) 
Forcing maxCoalescedReqs to 32 (TLB assoc.) 
Forcing maxCoalescedReqs to 32 (TLB assoc.) 
Forcing maxCoalescedReqs to 32 (TLB assoc.) 
Forcing maxCoalescedReqs to 32 (TLB assoc.) 
Forcing maxCoalescedReqs to 32 (TLB assoc.) 
Forcing maxCoalescedReqs to 32 (TLB assoc.) 
Forcing maxCoalescedReqs to 32 (TLB assoc.) 
Forcing maxCoalescedReqs to 32 (TLB assoc.) 
Forcing maxCoalescedReqs to 32 (TLB assoc.) 
Forcing maxCoalescedReqs to 32 (TLB assoc.) 
Forcing maxCoalescedReqs to 32 (TLB assoc.) 
Forcing maxCoalescedReqs to 32 (TLB assoc.) 
Forcing maxCoalescedReqs to 32 (TLB assoc.) 
Forcing maxCoalescedReqs to 32 (TLB assoc.) 
Forcing maxCoalescedReqs to 32 (TLB assoc.) 
Forcing maxCoalescedReqs to 32 (TLB assoc.) 
Forcing maxCoalescedReqs to 32 (TLB assoc.) 
Forcing maxCoalescedReqs to 32 (TLB assoc.) 
Forcing maxCoalescedReqs to 32 (TLB assoc.) 
Forcing maxCoalescedReqs to 32 (TLB assoc.) 
Forcing maxCoalescedReqs to 32 (TLB assoc.) 
Forcing maxCoalescedReqs to 32 (TLB assoc.) 
Forcing maxCoalescedReqs to 32 (TLB assoc.) 
Forcing maxCoalescedReqs to 32 (TLB assoc.) 
Forcing maxCoalescedReqs to 32 (TLB assoc.) 
Forcing maxCoalescedReqs to 32 (TLB assoc.) 
Forcing maxCoalescedReqs to 32 (TLB assoc.) 
Forcing maxCoalescedReqs to 32 (TLB assoc.) 
Forcing maxCoalescedReqs to 32 (TLB assoc.) 
Forcing maxCoalescedReqs to 32 (TLB assoc.) 
Forcing maxCoalescedReqs to 32 (TLB assoc.) 
Forcing maxCoalescedReqs to 32 (TLB assoc.) 
Forcing maxCoalescedReqs to 32 (TLB assoc.) 
Forcing maxCoalescedReqs to 32 (TLB assoc.) 
Forcing maxCoalescedReqs to 32 (TLB assoc.) 
Forcing maxCoalescedReqs to 32 (TLB assoc.) 
Forcing maxCoalescedReqs to 32 (TLB assoc.) 
Forcing maxCoalescedReqs to 32 (TLB assoc.) 
Forcing maxCoalescedReqs to 32 (TLB assoc.) 
Forcing maxCoalescedReqs to 32 (TLB assoc.) 
Forcing maxCoalescedReqs to 32 (TLB assoc.) 
Forcing maxCoalescedReqs to 32 (TLB assoc.) 
Forcing maxCoalescedReqs to 32 (TLB assoc.) 
Forcing maxCoalescedReqs to 32 (TLB assoc.) 
Forcing maxCoalescedReqs to 32 (TLB assoc.) 
Forcing maxCoalescedReqs to 32 (TLB assoc.) 
Forcing maxCoalescedReqs to 32 (TLB assoc.) 
Forcing maxCoalescedReqs to 32 (TLB assoc.) 
Forcing maxCoalescedReqs to 32 (TLB assoc.) 
Forcing maxCoalescedReqs to 32 (TLB assoc.) 
Forcing maxCoalescedReqs to 32 (TLB assoc.) 
Forcing maxCoalescedReqs to 32 (TLB assoc.) 
Forcing maxCoalescedReqs to 32 (TLB assoc.) 
Forcing maxCoalescedReqs to 32 (TLB assoc.) 
Forcing maxCoalescedReqs to 32 (TLB assoc.) 
Forcing maxCoalescedReqs to 32 (TLB assoc.) 
Forcing maxCoalescedReqs to 32 (TLB assoc.) 
Forcing maxCoalescedReqs to 32 (TLB assoc.) 
Forcing maxCoalescedReqs to 32 (TLB assoc.) 
Forcing maxCoalescedReqs to 32 (TLB assoc.) 
Forcing maxCoalescedReqs to 32 (TLB assoc.) 
Forcing maxCoalescedReqs to 32 (TLB assoc.) 
Forcing maxCoalescedReqs to 32 (TLB assoc.) 
Forcing maxCoalescedReqs to 32 (TLB assoc.) 
Forcing maxCoalescedReqs to 32 (TLB assoc.) 
Forcing maxCoalescedReqs to 32 (TLB assoc.) 
Forcing maxCoalescedReqs to 32 (TLB assoc.) 
Forcing maxCoalescedReqs to 32 (TLB assoc.) 
Forcing maxCoalescedReqs to 32 (TLB assoc.) 
Forcing maxCoalescedReqs to 32 (TLB assoc.) 
Forcing maxCoalescedReqs to 32 (TLB assoc.) 
Forcing maxCoalescedReqs to 32 (TLB assoc.) 
Forcing maxCoalescedReqs to 32 (TLB assoc.) 
Forcing maxCoalescedReqs to 32 (TLB assoc.) 
Forcing maxCoalescedReqs to 32 (TLB assoc.) 
Forcing maxCoalescedReqs to 32 (TLB assoc.) 
Forcing maxCoalescedReqs to 32 (TLB assoc.) 
Forcing maxCoalescedReqs to 32 (TLB assoc.) 
Forcing maxCoalescedReqs to 32 (TLB assoc.) 
Forcing maxCoalescedReqs to 32 (TLB assoc.) 
Forcing maxCoalescedReqs to 32 (TLB assoc.) 
Forcing maxCoalescedReqs to 32 (TLB assoc.) 
Forcing maxCoalescedReqs to 32 (TLB assoc.) 
Forcing maxCoalescedReqs to 32 (TLB assoc.) 
Forcing maxCoalescedReqs to 32 (TLB assoc.) 
Forcing maxCoalescedReqs to 32 (TLB assoc.) 
Forcing maxCoalescedReqs to 32 (TLB assoc.) 
Forcing maxCoalescedReqs to 32 (TLB assoc.) 
Forcing maxCoalescedReqs to 32 (TLB assoc.) 
Forcing maxCoalescedReqs to 32 (TLB assoc.) 
src/base/remote_gdb.cc:418: warn: Sockets disabled, not accepting gdb connections
tcmalloc: large alloc 1073741824 bytes == 0x570885532000 @ 
warn: Base 10 memory/cache size 8GB will be cast to base 2 size 8GiB.
warn: Base 10 memory/cache size 8GB will be cast to base 2 size 8GiB.
warn: Base 10 memory/cache size 8GB will be cast to base 2 size 8GiB.
warn: system.ruby.network adopting orphan SimObject param 'ext_links'
warn: system.ruby.network adopting orphan SimObject param 'int_links'
gem5 Simulator System.  https://www.gem5.org
gem5 is copyrighted software; use the --copyright option for details.

gem5 version 25.0.0.1
gem5 compiled May 19 2026 13:41:19
gem5 started May 21 2026 12:48:11
gem5 executing on f387f9d731a3, pid 1
command line: build/VEGA_X86/gem5.opt configs/example/apu_se.py -n8 -u240 --mem-size=8GB -c tests/gem5/resources/gpu-pannotia/pannotia-bins/bc.gem5 --options 'tests/gem5/resources/gpu-pannotia/pannotia-datasets/1k_128k.gr --debug-log'

info: Standard input is not a terminal, disabling listeners.
Num SQC =  60 Num scalar caches =  60 Num CU =  240
incrementing idx on  4
incrementing idx on  8
incrementing idx on  12
incrementing idx on  16
incrementing idx on  20
incrementing idx on  24
incrementing idx on  28
incrementing idx on  32
incrementing idx on  36
incrementing idx on  40
incrementing idx on  44
incrementing idx on  48
incrementing idx on  52
incrementing idx on  56
incrementing idx on  60
incrementing idx on  64
incrementing idx on  68
incrementing idx on  72
incrementing idx on  76
incrementing idx on  80
incrementing idx on  84
incrementing idx on  88
incrementing idx on  92
incrementing idx on  96
incrementing idx on  100
incrementing idx on  104
incrementing idx on  108
incrementing idx on  112
incrementing idx on  116
incrementing idx on  120
incrementing idx on  124
incrementing idx on  128
incrementing idx on  132
incrementing idx on  136
incrementing idx on  140
incrementing idx on  144
incrementing idx on  148
incrementing idx on  152
incrementing idx on  156
incrementing idx on  160
incrementing idx on  164
incrementing idx on  168
incrementing idx on  172
incrementing idx on  176
incrementing idx on  180
incrementing idx on  184
incrementing idx on  188
incrementing idx on  192
incrementing idx on  196
incrementing idx on  200
incrementing idx on  204
incrementing idx on  208
incrementing idx on  212
incrementing idx on  216
incrementing idx on  220
incrementing idx on  224
incrementing idx on  228
incrementing idx on  232
incrementing idx on  236
incrementing idx on  4
incrementing idx on  8
incrementing idx on  12
incrementing idx on  16
incrementing idx on  20
incrementing idx on  24
incrementing idx on  28
incrementing idx on  32
incrementing idx on  36
incrementing idx on  40
incrementing idx on  44
incrementing idx on  48
incrementing idx on  52
incrementing idx on  56
incrementing idx on  60
incrementing idx on  64
incrementing idx on  68
incrementing idx on  72
incrementing idx on  76
incrementing idx on  80
incrementing idx on  84
incrementing idx on  88
incrementing idx on  92
incrementing idx on  96
incrementing idx on  100
incrementing idx on  104
incrementing idx on  108
incrementing idx on  112
incrementing idx on  116
incrementing idx on  120
incrementing idx on  124
incrementing idx on  128
incrementing idx on  132
incrementing idx on  136
incrementing idx on  140
incrementing idx on  144
incrementing idx on  148
incrementing idx on  152
incrementing idx on  156
incrementing idx on  160
incrementing idx on  164
incrementing idx on  168
incrementing idx on  172
incrementing idx on  176
incrementing idx on  180
incrementing idx on  184
incrementing idx on  188
incrementing idx on  192
incrementing idx on  196
incrementing idx on  200
incrementing idx on  204
incrementing idx on  208
incrementing idx on  212
incrementing idx on  216
incrementing idx on  220
incrementing idx on  224
incrementing idx on  228
incrementing idx on  232
incrementing idx on  236
src/mem/ruby/system/Sequencer.cc:818: warn: Replacement policy updates recently became the responsibility of SLICC state machines. Make sure to setMRU() near callbacks in .sm files!
src/sim/mem_state.cc:443: info: Increasing stack size by one page.
src/base/loader/symtab.cc:95: warn: Cannot insert a new symbol table due to name collisions. Adding prefix to each symbol's name can resolve this issue.
src/base/loader/symtab.cc:95: warn: Cannot insert a new symbol table due to name collisions. Adding prefix to each symbol's name can resolve this issue.
src/base/loader/symtab.cc:95: warn: Cannot insert a new symbol table due to name collisions. Adding prefix to each symbol's name can resolve this issue.
src/base/loader/symtab.cc:95: warn: Cannot insert a new symbol table due to name collisions. Adding prefix to each symbol's name can resolve this issue.
src/sim/syscall_emul.cc:86: warn: ignoring syscall mprotect(...)
src/sim/syscall_emul.cc:86: warn: ignoring syscall mprotect(...)
src/base/loader/symtab.cc:95: warn: Cannot insert a new symbol table due to name collisions. Adding prefix to each symbol's name can resolve this issue.
src/sim/syscall_emul.cc:86: warn: ignoring syscall mprotect(...)
src/base/loader/symtab.cc:95: warn: Cannot insert a new symbol table due to name collisions. Adding prefix to each symbol's name can resolve this issue.
src/base/loader/symtab.cc:95: warn: Cannot insert a new symbol table due to name collisions. Adding prefix to each symbol's name can resolve this issue.
src/base/loader/symtab.cc:95: warn: Cannot insert a new symbol table due to name collisions. Adding prefix to each symbol's name can resolve this issue.
src/base/loader/symtab.cc:95: warn: Cannot insert a new symbol table due to name collisions. Adding prefix to each symbol's name can resolve this issue.
src/sim/syscall_emul.cc:86: warn: ignoring syscall mprotect(...)
src/base/loader/symtab.cc:95: warn: Cannot insert a new symbol table due to name collisions. Adding prefix to each symbol's name can resolve this issue.
src/base/loader/symtab.cc:95: warn: Cannot insert a new symbol table due to name collisions. Adding prefix to each symbol's name can resolve this issue.
src/sim/syscall_emul.cc:86: warn: ignoring syscall mprotect(...)
src/base/loader/symtab.cc:95: warn: Cannot insert a new symbol table due to name collisions. Adding prefix to each symbol's name can resolve this issue.
src/sim/syscall_emul.cc:86: warn: ignoring syscall mprotect(...)
src/sim/syscall_emul.cc:86: warn: ignoring syscall mprotect(...)
src/sim/syscall_emul.cc:86: warn: ignoring syscall mprotect(...)
src/sim/syscall_emul.cc:86: warn: ignoring syscall mprotect(...)
src/sim/syscall_emul.cc:86: warn: ignoring syscall mprotect(...)
src/sim/syscall_emul.cc:86: warn: ignoring syscall mprotect(...)
src/sim/syscall_emul.cc:86: warn: ignoring syscall mprotect(...)
src/sim/syscall_emul.cc:86: warn: ignoring syscall mprotect(...)
src/sim/syscall_emul.cc:86: warn: ignoring syscall mprotect(...)
src/sim/syscall_emul.cc:86: warn: ignoring syscall mprotect(...)
src/sim/syscall_emul.cc:86: warn: ignoring syscall mprotect(...)
src/sim/syscall_emul.cc:86: warn: ignoring syscall mprotect(...)
src/sim/syscall_emul.cc:86: warn: ignoring syscall mprotect(...)
src/sim/syscall_emul.cc:86: warn: ignoring syscall mprotect(...)
src/sim/syscall_emul.cc:86: warn: ignoring syscall mprotect(...)
src/sim/syscall_emul.cc:86: warn: ignoring syscall mprotect(...)
src/sim/syscall_emul.cc:86: warn: ignoring syscall mprotect(...)
src/sim/syscall_emul.cc:86: warn: ignoring syscall mprotect(...)
src/sim/syscall_emul.cc:86: warn: ignoring syscall mprotect(...)
src/sim/syscall_emul.cc:86: warn: ignoring syscall set_robust_list(...)
src/sim/syscall_emul.cc:97: warn: ignoring syscall rt_sigaction(...)
      (further warnings will be suppressed)
src/sim/syscall_emul.cc:97: warn: ignoring syscall rt_sigprocmask(...)
      (further warnings will be suppressed)
src/sim/syscall_emul.cc:86: warn: ignoring syscall get_mempolicy(...)
build/VEGA_X86/arch/x86/generated/exec-ns.cc.inc:27: warn: instruction 'frndint' unimplemented
src/sim/mem_state.cc:443: info: Increasing stack size by one page.
src/sim/mem_state.cc:443: info: Increasing stack size by one page.
Opening file: tests/gem5/resources/gpu-pannotia/pannotia-datasets/1k_128k.gr
This is a directed graph
Read from file: num_nodes = 1024, num_edges = 131072
src/gpu-compute/gpu_compute_driver.cc:675: warn: unimplemented ioctl: AMDKFD_IOC_ACQUIRE_VM
src/sim/syscall_emul.cc:86: warn: ignoring syscall mbind(...)
src/gpu-compute/gpu_compute_driver.cc:283: warn: unimplemented ioctl: AMDKFD_IOC_SET_MEMORY_POLICY
src/sim/syscall_emul.hh:2037: warn: mmap: writing to shared mmap region is currently unsupported. The write succeeds on the target, but it will not be propagated to the host or shared mappings
src/gpu-compute/gpu_compute_driver.cc:144: warn: Unrecognized kfd mmap type 0
src/gpu-compute/gpu_compute_driver.cc:852: warn: unimplemented ioctl: AMDKFD_IOC_MAP_MEMORY_TO_GPU
src/gpu-compute/gpu_compute_driver.cc:441: warn: Signal events are only supported currently
src/sim/syscall_emul.cc:86: warn: ignoring syscall mprotect(...)
src/sim/power_state.cc:105: warn: PowerState: Already in the requested power state, request ignored
src/sim/syscall_emul.cc:86: warn: ignoring syscall set_robust_list(...)
src/sim/syscall_emul.cc:86: warn: ignoring syscall mprotect(...)
src/gpu-compute/gpu_compute_driver.cc:585: warn: unimplemented ioctl: AMDKFD_IOC_SET_SCRATCH_BACKING_VA
src/gpu-compute/gpu_compute_driver.cc:595: warn: unimplemented ioctl: AMDKFD_IOC_SET_TRAP_HANDLER
BC mode: weighted chunk scheduling, max_sources=150, cpu_workers=5, gpu=enabled, gpu_cus=240, source_chunk=4
src/sim/syscall_emul.cc:86: warn: ignoring syscall mprotect(...)
src/sim/syscall_emul.cc:86: warn: ignoring syscall set_robust_list(...)
src/sim/syscall_emul.cc:86: warn: ignoring syscall mprotect(...)
src/sim/syscall_emul.cc:86: warn: ignoring syscall madvise(...)
src/sim/syscall_emul.cc:86: warn: ignoring syscall mprotect(...)
src/sim/syscall_emul.cc:86: warn: ignoring syscall sched_setaffinity(...)
src/sim/syscall_emul.cc:86: warn: ignoring syscall set_robust_list(...)
src/sim/syscall_emul.cc:97: warn: ignoring syscall sched_yield(...)
      (further warnings will be suppressed)
src/sim/syscall_emul.cc:86: warn: ignoring syscall mprotect(...)
src/sim/syscall_emul.cc:86: warn: ignoring syscall mprotect(...)
src/sim/syscall_emul.cc:86: warn: ignoring syscall mprotect(...)
src/sim/syscall_emul.cc:86: warn: ignoring syscall mprotect(...)
src/sim/syscall_emul.cc:86: warn: ignoring syscall mprotect(...)
src/sim/syscall_emul.cc:86: warn: ignoring syscall mprotect(...)
src/sim/syscall_emul.cc:86: warn: ignoring syscall mprotect(...)
src/sim/syscall_emul.cc:86: warn: ignoring syscall mprotect(...)
src/sim/syscall_emul.cc:86: warn: ignoring syscall mprotect(...)
src/sim/syscall_emul.cc:86: warn: ignoring syscall mprotect(...)
src/sim/syscall_emul.cc:86: warn: ignoring syscall mprotect(...)
src/sim/syscall_emul.cc:86: warn: ignoring syscall mprotect(...)
build/VEGA_X86/arch/x86/generated/exec-ns.cc.inc:27: warn: instruction 'frndint' unimplemented
m5 work begin dump and reset
src/gpu-compute/gpu_command_processor.cc:653: warn: Ignoring vendor packet
GPU Kernel Completed dump and reset
src/sim/syscall_emul.cc:86: warn: ignoring syscall set_robust_list(...)
src/sim/syscall_emul.cc:86: warn: ignoring syscall mprotect(...)
src/sim/syscall_emul.cc:86: warn: ignoring syscall set_robust_list(...)
src/sim/syscall_emul.cc:86: warn: ignoring syscall mprotect(...)
src/sim/syscall_emul.cc:86: warn: ignoring syscall mprotect(...)
src/sim/syscall_emul.cc:86: warn: ignoring syscall set_robust_list(...)
src/sim/syscall_emul.cc:86: warn: ignoring syscall mprotect(...)
src/sim/syscall_emul.cc:86: warn: ignoring syscall mprotect(...)
src/sim/syscall_emul.cc:86: warn: ignoring syscall mprotect(...)
src/sim/syscall_emul.cc:86: warn: ignoring syscall set_robust_list(...)
src/sim/syscall_emul.cc:86: warn: ignoring syscall mprotect(...)
src/sim/syscall_emul.cc:86: warn: ignoring syscall set_robust_list(...)
src/sim/syscall_emul.cc:86: warn: ignoring syscall mprotect(...)
src/sim/syscall_emul.cc:86: warn: ignoring syscall mprotect(...)
GPU Kernel Completed dump and reset
GPU Kernel Completed dump and reset
GPU Kernel Completed dump and reset
GPU Kernel Completed dump and reset
GPU Kernel Completed dump and reset
GPU Kernel Completed dump and reset
GPU Kernel Completed dump and reset
Completed GPU iteration 20
GPU Kernel Completed dump and reset
GPU Kernel Completed dump and reset
GPU Kernel Completed dump and reset
GPU Kernel Completed dump and reset
GPU Kernel Completed dump and reset
GPU Kernel Completed dump and reset
GPU Kernel Completed dump and reset
Completed GPU iteration 21
GPU Kernel Completed dump and reset
GPU Kernel Completed dump and reset
GPU Kernel Completed dump and reset
GPU Kernel Completed dump and reset
GPU Kernel Completed dump and reset
GPU Kernel Completed dump and reset
GPU Kernel Completed dump and reset
Completed GPU iteration 22
GPU Kernel Completed dump and reset
GPU Kernel Completed dump and reset
GPU Kernel Completed dump and reset
GPU Kernel Completed dump and reset
GPU Kernel Completed dump and reset
GPU Kernel Completed dump and reset
GPU Kernel Completed dump and reset
Completed GPU iteration 23
GPU Kernel Completed dump and reset
GPU Kernel Completed dump and reset
GPU Kernel Completed dump and reset
GPU Kernel Completed dump and reset
GPU Kernel Completed dump and reset
GPU Kernel Completed dump and reset
GPU Kernel Completed dump and reset
Completed GPU iteration 24
GPU Kernel Completed dump and reset
GPU Kernel Completed dump and reset
GPU Kernel Completed dump and reset
GPU Kernel Completed dump and reset
GPU Kernel Completed dump and reset
GPU Kernel Completed dump and reset
GPU Kernel Completed dump and reset
Completed GPU iteration 25
GPU Kernel Completed dump and reset
GPU Kernel Completed dump and reset
GPU Kernel Completed dump and reset
GPU Kernel Completed dump and reset
Completed CPU iteration 4
Completed CPU iteration 8
GPU Kernel Completed dump and reset
GPU Kernel Completed dump and reset
Completed CPU iteration 16
GPU Kernel Completed dump and reset
Completed GPU iteration 26
Completed CPU iteration 12
GPU Kernel Completed dump and reset
Completed CPU iteration 0
GPU Kernel Completed dump and reset
GPU Kernel Completed dump and reset
GPU Kernel Completed dump and reset
GPU Kernel Completed dump and reset
GPU Kernel Completed dump and reset
GPU Kernel Completed dump and reset
Completed GPU iteration 27
GPU Kernel Completed dump and reset
GPU Kernel Completed dump and reset
GPU Kernel Completed dump and reset
GPU Kernel Completed dump and reset
GPU Kernel Completed dump and reset
GPU Kernel Completed dump and reset
GPU Kernel Completed dump and reset
Completed GPU iteration 28
GPU Kernel Completed dump and reset
GPU Kernel Completed dump and reset
GPU Kernel Completed dump and reset
