65.337227
146.571320
166.681396
136.126022
77.636604
108.942139
123.503685
97.581490
93.187630
121.442207
141.076096
168.127380
110.952103
98.428551
135.988983
124.963135
130.180618
71.916000
91.153664
103.207214
106.354530
115.789238
107.742081
143.344070
80.098404
162.380768
125.859825
94.021935
111.819267
93.292618
115.318909
141.723450
147.897690
140.138504
106.861656
164.876862
77.778641
69.741501
61.982746
167.002029
149.562057
169.764679
129.661377
166.634003
156.831223
149.760971
120.046547
122.477058
96.052826
148.631851
180.020721
96.321007
71.469231
101.791077
154.596344
141.510452
107.483986
140.215775
153.904678
108.147018
120.953293
89.614304
88.091614
131.685501
122.764839
79.630814
199.644562
148.132416
120.095291
164.490295
134.064774
98.970543
117.573524
128.020050
90.619812
159.550110
158.466812
142.166779
108.923729
142.317276
176.623688
124.590500
164.851654
155.225082
123.818069
181.057983
154.775055
94.474991
129.053314
90.250320
179.615753
139.423843
84.398735
165.765869
134.173935
144.636353
117.576340
157.345428
126.783463
117.515282
147.538208
128.975555
161.121902
144.460587
114.946564
145.542496
108.364700
122.692665
195.988037
123.858795
94.383209
143.180145
126.498329
97.768303
108.711952
118.634514
147.206543
162.170425
123.807594
133.800461
95.075218
73.403015
163.308075
96.244629
81.871490
136.990906
129.396271
165.249649
150.358795
142.341171
129.403503
140.016495
165.009781
165.493683
164.708099
134.321243
137.193726
162.813446
130.560059
200.124817
137.905594
95.863083
107.558006
139.426926
158.707336
182.150803
170.764374
109.460152
170.478073
190.808899
126.195000
106.795013
131.801651
95.234451
117.470474
134.826019
134.969086
142.412033
86.140152
145.280899
145.042908
109.010231
101.456047
138.892868
87.684570
171.451813
131.978333
174.170303
128.565292
104.895477
170.641663
153.304962
148.988541
135.881882
87.084457
117.560173
163.515350
126.827606
135.998398
117.938324
145.451080
75.184242
131.799683
189.843399
143.104248
148.567398
83.761978
170.341446
119.975533
135.461548
147.662750
185.130127
136.068695
135.533783
109.777702
107.404327
133.879440
109.435638
138.712875
127.465271
122.320930
166.670685
112.766090
146.986786
107.040718
114.854012
153.398453
153.489655
75.326111
154.252579
125.270004
142.631454
165.397995
60.378220
145.340271
224.236130
164.444336
150.322296
108.773178
146.748367
111.570305
172.054214
142.667526
116.329903
141.673218
102.999443
184.879852
227.719315
108.880646
170.532852
133.532242
169.884781
152.149567
189.093979
133.637238
122.751175
99.527946
105.898552
141.622528
134.848175
139.557373
168.471603
141.962616
127.430176
79.626556
151.965363
107.725769
115.173729
95.376526
187.042038
278.677368
118.184959
141.678955
199.729950
88.985512
105.398399
93.657219
207.916412
111.824699
140.887405
111.859154
86.679733
129.471329
174.335129
162.814301
132.325974
157.461929
131.635956
104.218254
100.569443
169.987518
139.359909
113.347458
100.937149
119.518105
139.438004
128.748093
155.136108
166.210648
116.437134
188.732178
146.119217
134.260300
86.518616
104.792656
143.896286
222.672272
87.992249
147.767639
94.960541
143.346329
123.530891
181.776962
114.283356
112.472794
185.680939
121.073936
143.746918
144.999527
121.300957
153.685898
96.467453
111.255783
110.156670
107.948456
131.229752
170.419983
146.987091
166.614914
104.780777
152.117081
120.821312
109.551346
173.626495
145.037140
113.456337
88.157478
181.969666
129.848938
197.246017
124.417175
89.038826
134.954803
125.444321
132.128723
135.426010
183.334229
96.520859
92.302322
171.890076
145.959747
151.487122
118.584427
152.529022
280.576111
68.521172
130.006653
122.759468
105.259964
154.941315
140.259186
108.197304
102.761444
166.358826
118.567017
118.398956
111.695534
118.016045
121.617996
171.709412
243.595612
131.865616
116.256050
91.929085
107.674110
91.964607
123.375748
141.576202
126.409157
135.959869
159.013870
77.911156
101.404327
116.475029
118.400467
103.449074
109.364487
132.594727
165.235992
82.129929
69.819397
163.988419
127.305069
189.154755
61.929832
110.560486
125.523735
161.279709
166.996765
119.675468
120.419090
134.847137
124.131844
102.129959
190.019882
196.268997
209.088745
141.450668
102.382408
122.279785
122.067360
121.044296
157.194000
124.647049
118.309593
135.862015
69.105118
103.631203
102.018501
86.768951
93.965218
161.184738
118.801163
117.120773
48.063572
146.594376
171.388046
170.805466
143.196304
130.814575
186.641205
106.029404
93.240479
128.917267
169.624451
157.156708
107.029739
160.596054
168.410065
141.539825
155.756973
148.239594
116.934769
156.470078
76.714653
111.480888
120.150742
149.471390
124.632866
194.926788
86.081039
119.344727
104.279572
186.587784
95.618027
224.450089
97.789772
138.012100
164.990768
157.492874
163.193054
152.706589
130.027634
190.833893
110.630081
123.655640
129.589066
109.721024
107.168358
124.860107
126.511826
171.651932
113.644669
103.493988
162.403687
130.811325
73.232063
112.400253
104.076385
99.896362
136.513306
102.271225
129.704834
197.457321
98.957596
119.264526
142.503052
139.063187
128.835663
143.376816
207.884933
124.943054
97.069641
116.650459
70.851746
125.132942
97.072441
139.557114
117.834686
162.023193
98.522095
148.465927
86.294868
143.720535
81.907768
158.505920
160.548828
133.745010
121.903130
130.501373
184.619751
74.954041
143.698883
123.924118
121.645355
125.484871
128.690567
171.981247
130.797028
108.409531
113.946724
161.012939
127.681419
162.680603
163.782349
170.804520
151.572052
84.344078
93.792831
101.600471
110.706718
138.487808
125.479530
149.054947
102.417229
137.437424
74.354042
106.887466
149.569672
152.649017
88.976509
121.545570
162.172806
123.573593
171.267776
141.930496
88.442535
144.167847
134.050064
159.208801
124.959572
159.118515
152.093735
124.361748
131.494812
106.663422
77.030968
163.077774
167.657974
119.476089
117.794044
147.675751
138.305191
136.559937
139.663666
186.620728
115.521889
133.628494
83.454880
128.365128
123.283585
114.636871
119.805389
133.041931
183.188675
96.528557
116.331955
165.372162
168.379654
171.147964
94.272614
94.122612
130.291550
152.588318
136.841309
135.681595
129.150574
97.303909
134.863571
132.773300
109.446487
149.039642
80.352470
179.936218
139.005386
145.269577
102.357475
165.223434
182.471268
60.778687
129.342743
62.320503
125.754486
173.534424
114.862076
144.383728
112.587219
117.918289
97.331612
121.548264
122.710228
145.650696
97.719719
115.938110
104.541077
172.057678
145.323425
200.175751
99.235123
157.747696
152.674118
168.326248
105.170792
197.057678
122.238380
91.349876
174.717712
156.841827
134.001694
155.088684
86.291504
86.977280
96.918930
93.030952
101.634064
147.904617
138.262817
116.935608
124.736412
137.735535
109.914597
92.389313
149.122238
130.923981
123.913940
136.686584
93.913933
153.909180
204.916061
141.882904
194.085342
148.867645
78.319412
89.504784
145.448532
184.589539
133.368484
125.219322
164.850784
140.995682
125.880524
107.375717
167.402924
146.115433
122.408447
178.019470
179.230667
114.125946
166.584671
159.640213
90.950714
90.875801
160.157730
143.340012
103.645592
194.584778
157.851074
218.594406
134.630341
120.475143
143.698196
95.958839
123.537514
93.701248
136.526337
146.617981
116.292084
127.464935
102.271568
89.224327
149.952332
131.478912
114.721848
93.287262
119.228035
147.720047
158.569092
163.416260
154.431198
113.170845
91.096191
135.863602
153.738617
160.862228
179.140625
120.251831
103.329498
101.118561
145.024414
144.987335
169.189743
222.339462
153.446045
172.428238
122.705261
114.846008
147.290085
155.042725
100.671387
118.310341
108.845779
140.253830
149.705765
150.096512
110.493828
170.528168
150.667480
124.443451
153.713074
151.223740
184.755463
104.094162
111.733566
158.773163
176.095261
146.172958
132.125763
199.063705
151.249084
130.993439
106.295036
91.881378
122.699188
92.220978
120.081558
117.673874
138.107117
137.745880
139.705185
146.519257
148.454437
150.578583
92.698235
62.694233
168.011185
102.236679
140.773972
94.353195
183.614807
131.345200
149.842209
132.779953
43.725452
144.504929
159.703751
114.068703
185.886261
111.368759
103.605331
196.602936
139.698746
163.866806
176.689896
66.047928
90.320602
126.731819
178.516846
148.175323
113.471329
171.705429
181.167618
117.443718
93.170265
120.017212
119.247658
158.904739
106.016800
70.483749
163.981369
63.833256
83.342216
112.936226
169.942352
107.641525
143.515747
152.482849
138.443878
147.869629
101.999649
138.789352
81.390800
109.143326
114.074715
107.725266
126.354095
194.411636
145.560181
107.804703
129.098068
153.863419
137.648712
154.785904
134.615723
72.803986
114.898247
77.114365
78.936440
155.949982
64.549469
126.008644
132.420273
90.574898
66.095963
127.792450
129.451981
156.826874
161.679138
128.284332
111.789711
173.687637
212.423660
152.533432
170.804962
112.100159
152.854675
84.392067
174.832489
96.784706
149.251678
143.072968
99.627792
110.975952
223.962830
151.204300
185.888977
89.904518
203.399475
98.176537
93.217415
245.985458
128.289886
151.133621
174.694275
93.130234
138.039062
123.767136
122.490944
133.482010
118.864639
187.317917
125.129951
138.964386
141.112717
160.401352
183.380264
139.744614
178.694016
160.075027
103.518448
117.490906
188.817062
178.834534
122.677032
118.760040
143.605591
159.430740
178.153091
103.564514
100.578979
65.582741
83.372086
128.901962
143.899261
92.175278
88.997742
91.919220
141.731277
140.033722
90.897850
177.467010
185.336716
166.439453
114.034462
118.026314
225.249313
112.170738
141.881531
122.349709
101.558853
105.776711
89.336998
108.470604
158.786392
154.452118
142.099152
119.379532
166.084763
97.624603
109.525665
114.514618
125.798538
162.864929
114.486687
121.402679
135.703140
154.970398
76.743790
154.256348
115.909386
87.353477
125.788116
135.284424
173.086075
124.528351
173.022919
139.598450
146.589020
162.058578
115.274956
136.386459
106.863441
137.923645
113.656830
94.878868
112.460594
114.195290
119.960861
96.037048
117.011566
131.688828
91.683083
132.343475
140.548126
114.390656
120.074516
111.521027
173.087387
136.800217
165.713501
122.580147
147.791351
131.343842
146.555588
162.545441
154.398865
130.246689
203.484741
123.534546
115.879524
51.139580
97.982056
137.536850
103.108467
131.255524
111.995232
148.694656
160.055588
142.162033
158.607574
147.878296
101.542343
116.842209
108.987442
75.571564
162.833221
180.501892
91.679420
135.587204
130.919312
82.027161
139.852493
148.670792
160.700882
182.125992
107.859177
124.671394
112.229149
114.753555
127.810822
115.999863
130.138702
114.279243
77.378143
48.362789
149.858521
225.437119
122.705719
82.152122
115.057587
144.863693
117.277206
178.650528
157.716812
125.460121
96.846718
108.216110
127.109421
141.057602
157.860535
157.100998
82.011589
107.552132
89.833038
151.234695
123.045273
144.382004
93.458038
137.161011
153.378891
95.509354
133.346817
164.336212
130.876099
183.963440
191.682480
127.144043
105.862457
163.150253
72.851418
76.378242
140.953293
125.146988
146.399368
155.381302
91.561455
155.052017
127.134422
124.867798
148.992081
182.703354
120.146721
146.457932
159.550598
158.657639
